/Users/chirag/Documents/Agentic_MM/.venv/lib/python3.9/site-packages/urllib3/__init__.py:35: NotOpenSSLWarning: urllib3 v2 only supports OpenSSL 1.1.1+, currently the 'ssl' module is compiled with 'LibreSSL 2.8.3'. See: https://github.com/urllib3/urllib3/issues/3020
  warnings.warn(
[INFO] Use pytorch device_name: mps
[INFO] Load pretrained SentenceTransformer: all-MiniLM-L6-v2
PM loaded with 0 past trajectories (vector search)

ONE-CONTAINER real OfficeBench (Option B) — 3 tasks, in-container concurrency 3

Batches:   0%|          | 0/1 [00:00<?, ?it/s]Batches: 100%|██████████| 1/1 [00:00<00:00,  9.62it/s]Batches: 100%|██████████| 1/1 [00:00<00:00,  9.61it/s]
Batches:   0%|          | 0/1 [00:00<?, ?it/s]Batches: 100%|██████████| 1/1 [00:00<00:00, 26.95it/s]
Batches:   0%|          | 0/1 [00:00<?, ?it/s]Batches: 100%|██████████| 1/1 [00:00<00:00, 42.54it/s]
[INFO] HTTP Request: POST https://api.cerebras.ai/v1/chat/completions "HTTP/1.1 200 OK"
[INFO] HTTP Request: POST https://api.cerebras.ai/v1/chat/completions "HTTP/1.1 200 OK"
[INFO] HTTP Request: POST https://api.cerebras.ai/v1/chat/completions "HTTP/1.1 200 OK"
[INFO] HTTP Request: POST https://api.cerebras.ai/v1/chat/completions "HTTP/1.1 200 OK"
[INFO] HTTP Request: POST https://api.cerebras.ai/v1/chat/completions "HTTP/1.1 200 OK"
[INFO] HTTP Request: POST https://api.cerebras.ai/v1/chat/completions "HTTP/1.1 200 OK"
[INFO] HTTP Request: POST https://api.cerebras.ai/v1/chat/completions "HTTP/1.1 200 OK"
[INFO] HTTP Request: POST https://api.cerebras.ai/v1/chat/completions "HTTP/1.1 401 Unauthorized"
[INFO] HTTP Request: POST https://api.cerebras.ai/v1/chat/completions "HTTP/1.1 401 Unauthorized"
[INFO] HTTP Request: POST https://api.cerebras.ai/v1/chat/completions "HTTP/1.1 200 OK"
[INFO] HTTP Request: POST https://api.cerebras.ai/v1/chat/completions "HTTP/1.1 401 Unauthorized"
[INFO] HTTP Request: POST https://api.cerebras.ai/v1/chat/completions "HTTP/1.1 200 OK"
[INFO] HTTP Request: POST https://api.cerebras.ai/v1/chat/completions "HTTP/1.1 200 OK"
[INFO] HTTP Request: POST https://api.cerebras.ai/v1/chat/completions "HTTP/1.1 200 OK"
[INFO] HTTP Request: POST https://api.cerebras.ai/v1/chat/completions "HTTP/1.1 200 OK"
[INFO] HTTP Request: POST https://api.cerebras.ai/v1/chat/completions "HTTP/1.1 200 OK"
[INFO] HTTP Request: POST https://api.cerebras.ai/v1/chat/completions "HTTP/1.1 200 OK"
[INFO] HTTP Request: POST https://api.cerebras.ai/v1/chat/completions "HTTP/1.1 200 OK"
[INFO] HTTP Request: POST https://api.cerebras.ai/v1/chat/completions "HTTP/1.1 200 OK"
  [1/3] 3-40/0 L3 success=False latency=4.8s calls=11 used_pm=False PM=0
[INFO] HTTP Request: POST https://api.cerebras.ai/v1/chat/completions "HTTP/1.1 200 OK"
[INFO] HTTP Request: POST https://api.cerebras.ai/v1/chat/completions "HTTP/1.1 200 OK"
[INFO] HTTP Request: POST https://api.cerebras.ai/v1/chat/completions "HTTP/1.1 200 OK"
[INFO] HTTP Request: POST https://api.cerebras.ai/v1/chat/completions "HTTP/1.1 200 OK"
[INFO] HTTP Request: POST https://api.cerebras.ai/v1/chat/completions "HTTP/1.1 200 OK"
[INFO] HTTP Request: POST https://api.cerebras.ai/v1/chat/completions "HTTP/1.1 200 OK"
  [2/3] 1-7/4 L1 success=False latency=7.7s calls=5 used_pm=False PM=0
[INFO] HTTP Request: POST https://api.cerebras.ai/v1/chat/completions "HTTP/1.1 200 OK"
[INFO] HTTP Request: POST https://api.cerebras.ai/v1/chat/completions "HTTP/1.1 200 OK"
!!! File not exist: /Users/chirag/Documents/Agentic_MM/concurrent_mm/one_results/2-26_0/testbed/data/market_analysis.docx
  [3/3] 2-26/0 L2 success=False latency=9.5s calls=11 used_pm=False PM=0

============================================================
PER-TASK LATENCY (one container)
============================================================
      task  L  success  latency_s  calls
     1-7/4  1    False        7.7      5
    2-26/0  2    False        9.5     11
    3-40/0  3    False        4.8     11

accuracy: 0/3   TOTAL wall(all in ONE container): 9.7s   max task: 9.5s   avg: 7.3s
traces: /Users/chirag/Documents/Agentic_MM/concurrent_mm/one_traces   results: /Users/chirag/Documents/Agentic_MM/concurrent_mm/one_results
