/Users/chirag/Documents/Agentic_MM/.venv/lib/python3.9/site-packages/urllib3/__init__.py:35: NotOpenSSLWarning: urllib3 v2 only supports OpenSSL 1.1.1+, currently the 'ssl' module is compiled with 'LibreSSL 2.8.3'. See: https://github.com/urllib3/urllib3/issues/3020
  warnings.warn(
[INFO] HTTP Request: POST https://api.cerebras.ai/v1/chat/completions "HTTP/1.1 200 OK"
[INFO] HTTP Request: POST https://api.cerebras.ai/v1/chat/completions "HTTP/1.1 200 OK"
[INFO] HTTP Request: POST https://api.cerebras.ai/v1/chat/completions "HTTP/1.1 429 Too Many Requests"
[INFO] HTTP Request: POST https://api.cerebras.ai/v1/chat/completions "HTTP/1.1 200 OK"
[INFO] HTTP Request: POST https://api.cerebras.ai/v1/chat/completions "HTTP/1.1 429 Too Many Requests"
[INFO] HTTP Request: POST https://api.cerebras.ai/v1/chat/completions "HTTP/1.1 429 Too Many Requests"
[INFO] HTTP Request: POST https://api.cerebras.ai/v1/chat/completions "HTTP/1.1 429 Too Many Requests"
[INFO] HTTP Request: POST https://api.cerebras.ai/v1/chat/completions "HTTP/1.1 429 Too Many Requests"
[INFO] HTTP Request: POST https://api.cerebras.ai/v1/chat/completions "HTTP/1.1 200 OK"
[INFO] HTTP Request: POST https://api.cerebras.ai/v1/chat/completions "HTTP/1.1 429 Too Many Requests"
[INFO] HTTP Request: POST https://api.cerebras.ai/v1/chat/completions "HTTP/1.1 200 OK"
[INFO] HTTP Request: POST https://api.cerebras.ai/v1/chat/completions "HTTP/1.1 401 Unauthorized"
[INFO] HTTP Request: POST https://api.cerebras.ai/v1/chat/completions "HTTP/1.1 401 Unauthorized"
[INFO] HTTP Request: POST https://api.cerebras.ai/v1/chat/completions "HTTP/1.1 401 Unauthorized"
[INFO] HTTP Request: POST https://api.cerebras.ai/v1/chat/completions "HTTP/1.1 429 Too Many Requests"
[INFO] HTTP Request: POST https://api.cerebras.ai/v1/chat/completions "HTTP/1.1 429 Too Many Requests"
[INFO] HTTP Request: POST https://api.cerebras.ai/v1/chat/completions "HTTP/1.1 429 Too Many Requests"
[INFO] HTTP Request: POST https://api.cerebras.ai/v1/chat/completions "HTTP/1.1 200 OK"
[INFO] HTTP Request: POST https://api.cerebras.ai/v1/chat/completions "HTTP/1.1 200 OK"

ONE-CONTAINER real OfficeBench (Option B) — 2 tasks, in-container concurrency 2

  [1/2] 1-7/4 L1 success=False latency=16.2s calls=11 PM=0
[INFO] HTTP Request: POST https://api.cerebras.ai/v1/chat/completions "HTTP/1.1 200 OK"
[INFO] HTTP Request: POST https://api.cerebras.ai/v1/chat/completions "HTTP/1.1 200 OK"
[INFO] HTTP Request: POST https://api.cerebras.ai/v1/chat/completions "HTTP/1.1 200 OK"
!!! File not exist: /Users/chirag/Documents/Agentic_MM/concurrent_mm/one_results/2-26_0/testbed/data/market_analysis.docx
  [2/2] 2-26/0 L2 success=False latency=20.0s calls=11 PM=0

============================================================
PER-TASK LATENCY (one container)
============================================================
      task  L  success  latency_s  calls
     1-7/4  1    False       16.2     11
    2-26/0  2    False       20.0     11

accuracy: 0/2   TOTAL wall(all in ONE container): 20.1s   max task: 20.0s   avg: 18.1s
traces: /Users/chirag/Documents/Agentic_MM/concurrent_mm/one_traces   results: /Users/chirag/Documents/Agentic_MM/concurrent_mm/one_results
