/Users/chirag/Documents/Agentic_MM/.venv/lib/python3.9/site-packages/urllib3/__init__.py:35: NotOpenSSLWarning: urllib3 v2 only supports OpenSSL 1.1.1+, currently the 'ssl' module is compiled with 'LibreSSL 2.8.3'. See: https://github.com/urllib3/urllib3/issues/3020
  warnings.warn(
[INFO] HTTP Request: POST https://api.cerebras.ai/v1/chat/completions "HTTP/1.1 401 Unauthorized"
[INFO] HTTP Request: POST https://api.cerebras.ai/v1/chat/completions "HTTP/1.1 401 Unauthorized"
[INFO] HTTP Request: POST https://api.cerebras.ai/v1/chat/completions "HTTP/1.1 401 Unauthorized"
[INFO] HTTP Request: POST https://api.cerebras.ai/v1/chat/completions "HTTP/1.1 429 Too Many Requests"
[INFO] HTTP Request: POST https://api.cerebras.ai/v1/chat/completions "HTTP/1.1 200 OK"
[INFO] HTTP Request: POST https://api.cerebras.ai/v1/chat/completions "HTTP/1.1 200 OK"
[INFO] HTTP Request: POST https://api.cerebras.ai/v1/chat/completions "HTTP/1.1 200 OK"
[INFO] HTTP Request: POST https://api.cerebras.ai/v1/chat/completions "HTTP/1.1 200 OK"
[INFO] HTTP Request: POST https://api.cerebras.ai/v1/chat/completions "HTTP/1.1 200 OK"
[INFO] HTTP Request: POST https://api.cerebras.ai/v1/chat/completions "HTTP/1.1 200 OK"
[INFO] HTTP Request: POST https://api.cerebras.ai/v1/chat/completions "HTTP/1.1 200 OK"
[INFO] HTTP Request: POST https://api.cerebras.ai/v1/chat/completions "HTTP/1.1 200 OK"
[INFO] HTTP Request: POST https://api.cerebras.ai/v1/chat/completions "HTTP/1.1 200 OK"
[INFO] HTTP Request: POST https://api.cerebras.ai/v1/chat/completions "HTTP/1.1 200 OK"
[INFO] HTTP Request: POST https://api.cerebras.ai/v1/chat/completions "HTTP/1.1 429 Too Many Requests"
[INFO] HTTP Request: POST https://api.cerebras.ai/v1/chat/completions "HTTP/1.1 200 OK"
[INFO] HTTP Request: POST https://api.cerebras.ai/v1/chat/completions "HTTP/1.1 200 OK"
[INFO] HTTP Request: POST https://api.cerebras.ai/v1/chat/completions "HTTP/1.1 200 OK"
[INFO] HTTP Request: POST https://api.cerebras.ai/v1/chat/completions "HTTP/1.1 200 OK"

ONE-CONTAINER real OfficeBench (Option B) — 15 tasks, in-container concurrency 15

  [1/15] 3-54/0 L3 success=False latency=5.3s calls=2 PM=0
[INFO] HTTP Request: POST https://api.cerebras.ai/v1/chat/completions "HTTP/1.1 200 OK"
[INFO] HTTP Request: POST https://api.cerebras.ai/v1/chat/completions "HTTP/1.1 200 OK"
[INFO] HTTP Request: POST https://api.cerebras.ai/v1/chat/completions "HTTP/1.1 200 OK"
[INFO] HTTP Request: POST https://api.cerebras.ai/v1/chat/completions "HTTP/1.1 200 OK"
[INFO] HTTP Request: POST https://api.cerebras.ai/v1/chat/completions "HTTP/1.1 200 OK"
[INFO] HTTP Request: POST https://api.cerebras.ai/v1/chat/completions "HTTP/1.1 200 OK"
[INFO] HTTP Request: POST https://api.cerebras.ai/v1/chat/completions "HTTP/1.1 200 OK"
[INFO] HTTP Request: POST https://api.cerebras.ai/v1/chat/completions "HTTP/1.1 200 OK"
[INFO] HTTP Request: POST https://api.cerebras.ai/v1/chat/completions "HTTP/1.1 200 OK"
[INFO] HTTP Request: POST https://api.cerebras.ai/v1/chat/completions "HTTP/1.1 200 OK"
  [2/15] 1-15/0 L1 success=True latency=6.0s calls=3 PM=1
[INFO] HTTP Request: POST https://api.cerebras.ai/v1/chat/completions "HTTP/1.1 200 OK"
[INFO] HTTP Request: POST https://api.cerebras.ai/v1/chat/completions "HTTP/1.1 200 OK"
[INFO] HTTP Request: POST https://api.cerebras.ai/v1/chat/completions "HTTP/1.1 401 Unauthorized"
[INFO] HTTP Request: POST https://api.cerebras.ai/v1/chat/completions "HTTP/1.1 401 Unauthorized"
[INFO] HTTP Request: POST https://api.cerebras.ai/v1/chat/completions "HTTP/1.1 401 Unauthorized"
[INFO] HTTP Request: POST https://api.cerebras.ai/v1/chat/completions "HTTP/1.1 200 OK"
[INFO] HTTP Request: POST https://api.cerebras.ai/v1/chat/completions "HTTP/1.1 200 OK"
[INFO] HTTP Request: POST https://api.cerebras.ai/v1/chat/completions "HTTP/1.1 200 OK"
[INFO] HTTP Request: POST https://api.cerebras.ai/v1/chat/completions "HTTP/1.1 200 OK"
  [3/15] 1-5/0 L1 success=False latency=6.7s calls=4 PM=1
[INFO] HTTP Request: POST https://api.cerebras.ai/v1/chat/completions "HTTP/1.1 200 OK"
[INFO] HTTP Request: POST https://api.cerebras.ai/v1/chat/completions "HTTP/1.1 200 OK"
[INFO] HTTP Request: POST https://api.cerebras.ai/v1/chat/completions "HTTP/1.1 200 OK"
[INFO] HTTP Request: POST https://api.cerebras.ai/v1/chat/completions "HTTP/1.1 200 OK"
[INFO] HTTP Request: POST https://api.cerebras.ai/v1/chat/completions "HTTP/1.1 200 OK"
[INFO] HTTP Request: POST https://api.cerebras.ai/v1/chat/completions "HTTP/1.1 200 OK"
[INFO] HTTP Request: POST https://api.cerebras.ai/v1/chat/completions "HTTP/1.1 200 OK"
[INFO] HTTP Request: POST https://api.cerebras.ai/v1/chat/completions "HTTP/1.1 200 OK"
[INFO] HTTP Request: POST https://api.cerebras.ai/v1/chat/completions "HTTP/1.1 200 OK"
[INFO] HTTP Request: POST https://api.cerebras.ai/v1/chat/completions "HTTP/1.1 200 OK"
[INFO] HTTP Request: POST https://api.cerebras.ai/v1/chat/completions "HTTP/1.1 200 OK"
  [4/15] 1-7/4 L1 success=False latency=8.1s calls=3 PM=1
[INFO] HTTP Request: POST https://api.cerebras.ai/v1/chat/completions "HTTP/1.1 200 OK"
[INFO] HTTP Request: POST https://api.cerebras.ai/v1/chat/completions "HTTP/1.1 200 OK"
[INFO] HTTP Request: POST https://api.cerebras.ai/v1/chat/completions "HTTP/1.1 200 OK"
[INFO] HTTP Request: POST https://api.cerebras.ai/v1/chat/completions "HTTP/1.1 200 OK"
[INFO] HTTP Request: POST https://api.cerebras.ai/v1/chat/completions "HTTP/1.1 200 OK"
[INFO] HTTP Request: POST https://api.cerebras.ai/v1/chat/completions "HTTP/1.1 200 OK"
[INFO] HTTP Request: POST https://api.cerebras.ai/v1/chat/completions "HTTP/1.1 200 OK"
[INFO] HTTP Request: POST https://api.cerebras.ai/v1/chat/completions "HTTP/1.1 200 OK"
[INFO] HTTP Request: POST https://api.cerebras.ai/v1/chat/completions "HTTP/1.1 200 OK"
[INFO] HTTP Request: POST https://api.cerebras.ai/v1/chat/completions "HTTP/1.1 200 OK"
[INFO] HTTP Request: POST https://api.cerebras.ai/v1/chat/completions "HTTP/1.1 200 OK"
[INFO] HTTP Request: POST https://api.cerebras.ai/v1/chat/completions "HTTP/1.1 401 Unauthorized"
[INFO] HTTP Request: POST https://api.cerebras.ai/v1/chat/completions "HTTP/1.1 200 OK"
[INFO] HTTP Request: POST https://api.cerebras.ai/v1/chat/completions "HTTP/1.1 401 Unauthorized"
[INFO] HTTP Request: POST https://api.cerebras.ai/v1/chat/completions "HTTP/1.1 200 OK"
[INFO] HTTP Request: POST https://api.cerebras.ai/v1/chat/completions "HTTP/1.1 200 OK"
[INFO] HTTP Request: POST https://api.cerebras.ai/v1/chat/completions "HTTP/1.1 200 OK"
  [5/15] 2-38/1 L2 success=False latency=9.0s calls=3 PM=1
[INFO] HTTP Request: POST https://api.cerebras.ai/v1/chat/completions "HTTP/1.1 401 Unauthorized"
[INFO] HTTP Request: POST https://api.cerebras.ai/v1/chat/completions "HTTP/1.1 200 OK"
[INFO] HTTP Request: POST https://api.cerebras.ai/v1/chat/completions "HTTP/1.1 200 OK"
  [6/15] 1-5/3 L1 success=False latency=9.5s calls=5 PM=1
[INFO] HTTP Request: POST https://api.cerebras.ai/v1/chat/completions "HTTP/1.1 429 Too Many Requests"
[INFO] HTTP Request: POST https://api.cerebras.ai/v1/chat/completions "HTTP/1.1 429 Too Many Requests"
[INFO] HTTP Request: POST https://api.cerebras.ai/v1/chat/completions "HTTP/1.1 200 OK"
[INFO] HTTP Request: POST https://api.cerebras.ai/v1/chat/completions "HTTP/1.1 200 OK"
[INFO] HTTP Request: POST https://api.cerebras.ai/v1/chat/completions "HTTP/1.1 200 OK"
[INFO] HTTP Request: POST https://api.cerebras.ai/v1/chat/completions "HTTP/1.1 200 OK"
[INFO] HTTP Request: POST https://api.cerebras.ai/v1/chat/completions "HTTP/1.1 200 OK"
[INFO] HTTP Request: POST https://api.cerebras.ai/v1/chat/completions "HTTP/1.1 200 OK"
[INFO] HTTP Request: POST https://api.cerebras.ai/v1/chat/completions "HTTP/1.1 429 Too Many Requests"
[INFO] HTTP Request: POST https://api.cerebras.ai/v1/chat/completions "HTTP/1.1 200 OK"
[INFO] HTTP Request: POST https://api.cerebras.ai/v1/chat/completions "HTTP/1.1 200 OK"
[INFO] HTTP Request: POST https://api.cerebras.ai/v1/chat/completions "HTTP/1.1 200 OK"
[INFO] HTTP Request: POST https://api.cerebras.ai/v1/chat/completions "HTTP/1.1 200 OK"
[INFO] HTTP Request: POST https://api.cerebras.ai/v1/chat/completions "HTTP/1.1 200 OK"
[INFO] HTTP Request: POST https://api.cerebras.ai/v1/chat/completions "HTTP/1.1 429 Too Many Requests"
[INFO] HTTP Request: POST https://api.cerebras.ai/v1/chat/completions "HTTP/1.1 200 OK"
[INFO] HTTP Request: POST https://api.cerebras.ai/v1/chat/completions "HTTP/1.1 200 OK"
[INFO] HTTP Request: POST https://api.cerebras.ai/v1/chat/completions "HTTP/1.1 429 Too Many Requests"
[INFO] HTTP Request: POST https://api.cerebras.ai/v1/chat/completions "HTTP/1.1 200 OK"
[INFO] HTTP Request: POST https://api.cerebras.ai/v1/chat/completions "HTTP/1.1 200 OK"
[INFO] HTTP Request: POST https://api.cerebras.ai/v1/chat/completions "HTTP/1.1 200 OK"
[INFO] HTTP Request: POST https://api.cerebras.ai/v1/chat/completions "HTTP/1.1 200 OK"
[INFO] HTTP Request: POST https://api.cerebras.ai/v1/chat/completions "HTTP/1.1 401 Unauthorized"
[INFO] HTTP Request: POST https://api.cerebras.ai/v1/chat/completions "HTTP/1.1 401 Unauthorized"
[INFO] HTTP Request: POST https://api.cerebras.ai/v1/chat/completions "HTTP/1.1 401 Unauthorized"
[INFO] HTTP Request: POST https://api.cerebras.ai/v1/chat/completions "HTTP/1.1 200 OK"
[INFO] HTTP Request: POST https://api.cerebras.ai/v1/chat/completions "HTTP/1.1 429 Too Many Requests"
[INFO] HTTP Request: POST https://api.cerebras.ai/v1/chat/completions "HTTP/1.1 429 Too Many Requests"
[INFO] HTTP Request: POST https://api.cerebras.ai/v1/chat/completions "HTTP/1.1 429 Too Many Requests"
[INFO] HTTP Request: POST https://api.cerebras.ai/v1/chat/completions "HTTP/1.1 200 OK"
[INFO] HTTP Request: POST https://api.cerebras.ai/v1/chat/completions "HTTP/1.1 429 Too Many Requests"
[INFO] HTTP Request: POST https://api.cerebras.ai/v1/chat/completions "HTTP/1.1 200 OK"
[INFO] HTTP Request: POST https://api.cerebras.ai/v1/chat/completions "HTTP/1.1 200 OK"
[INFO] HTTP Request: POST https://api.cerebras.ai/v1/chat/completions "HTTP/1.1 200 OK"
[INFO] HTTP Request: POST https://api.cerebras.ai/v1/chat/completions "HTTP/1.1 200 OK"
[INFO] HTTP Request: POST https://api.cerebras.ai/v1/chat/completions "HTTP/1.1 200 OK"
[INFO] HTTP Request: POST https://api.cerebras.ai/v1/chat/completions "HTTP/1.1 200 OK"
[INFO] HTTP Request: POST https://api.cerebras.ai/v1/chat/completions "HTTP/1.1 200 OK"
[INFO] HTTP Request: POST https://api.cerebras.ai/v1/chat/completions "HTTP/1.1 200 OK"
[INFO] HTTP Request: POST https://api.cerebras.ai/v1/chat/completions "HTTP/1.1 200 OK"
!!! File not exist: /Users/chirag/Documents/Agentic_MM/concurrent_mm/one_results/2-31_0/testbed/data/answer.txt
  [7/15] 3-43/0 L3 success=False latency=14.0s calls=12 PM=1
  [8/15] 2-31/0 L2 success=False latency=13.8s calls=11 PM=1
[INFO] HTTP Request: POST https://api.cerebras.ai/v1/chat/completions "HTTP/1.1 200 OK"
[INFO] HTTP Request: POST https://api.cerebras.ai/v1/chat/completions "HTTP/1.1 200 OK"
[INFO] HTTP Request: POST https://api.cerebras.ai/v1/chat/completions "HTTP/1.1 200 OK"
[INFO] HTTP Request: POST https://api.cerebras.ai/v1/chat/completions "HTTP/1.1 200 OK"
  [9/15] 2-13/0 L2 success=False latency=14.3s calls=9 PM=1
[INFO] HTTP Request: POST https://api.cerebras.ai/v1/chat/completions "HTTP/1.1 200 OK"
[INFO] HTTP Request: POST https://api.cerebras.ai/v1/chat/completions "HTTP/1.1 200 OK"
[INFO] HTTP Request: POST https://api.cerebras.ai/v1/chat/completions "HTTP/1.1 200 OK"
[INFO] HTTP Request: POST https://api.cerebras.ai/v1/chat/completions "HTTP/1.1 200 OK"
[INFO] HTTP Request: POST https://api.cerebras.ai/v1/chat/completions "HTTP/1.1 200 OK"
!!! File not exist: /Users/chirag/Documents/Agentic_MM/concurrent_mm/one_results/2-26_0/testbed/data/market_analysis.docx
  [10/15] 2-26/0 L2 success=False latency=15.5s calls=11 PM=1
[INFO] HTTP Request: POST https://api.cerebras.ai/v1/chat/completions "HTTP/1.1 200 OK"
[INFO] HTTP Request: POST https://api.cerebras.ai/v1/chat/completions "HTTP/1.1 200 OK"
[INFO] HTTP Request: POST https://api.cerebras.ai/v1/chat/completions "HTTP/1.1 200 OK"
[INFO] HTTP Request: POST https://api.cerebras.ai/v1/chat/completions "HTTP/1.1 200 OK"
[INFO] HTTP Request: POST https://api.cerebras.ai/v1/chat/completions "HTTP/1.1 200 OK"
[INFO] HTTP Request: POST https://api.cerebras.ai/v1/chat/completions "HTTP/1.1 401 Unauthorized"
[INFO] HTTP Request: POST https://api.cerebras.ai/v1/chat/completions "HTTP/1.1 401 Unauthorized"
[INFO] HTTP Request: POST https://api.cerebras.ai/v1/chat/completions "HTTP/1.1 401 Unauthorized"
[INFO] HTTP Request: POST https://api.cerebras.ai/v1/chat/completions "HTTP/1.1 200 OK"
[INFO] HTTP Request: POST https://api.cerebras.ai/v1/chat/completions "HTTP/1.1 200 OK"
[INFO] HTTP Request: POST https://api.cerebras.ai/v1/chat/completions "HTTP/1.1 200 OK"
[INFO] HTTP Request: POST https://api.cerebras.ai/v1/chat/completions "HTTP/1.1 200 OK"
[INFO] HTTP Request: POST https://api.cerebras.ai/v1/chat/completions "HTTP/1.1 200 OK"
[INFO] HTTP Request: POST https://api.cerebras.ai/v1/chat/completions "HTTP/1.1 200 OK"
[INFO] HTTP Request: POST https://api.cerebras.ai/v1/chat/completions "HTTP/1.1 200 OK"
[INFO] HTTP Request: POST https://api.cerebras.ai/v1/chat/completions "HTTP/1.1 200 OK"
[INFO] HTTP Request: POST https://api.cerebras.ai/v1/chat/completions "HTTP/1.1 200 OK"
[INFO] HTTP Request: POST https://api.cerebras.ai/v1/chat/completions "HTTP/1.1 200 OK"
[INFO] HTTP Request: POST https://api.cerebras.ai/v1/chat/completions "HTTP/1.1 200 OK"
[INFO] HTTP Request: POST https://api.cerebras.ai/v1/chat/completions "HTTP/1.1 200 OK"
[INFO] HTTP Request: POST https://api.cerebras.ai/v1/chat/completions "HTTP/1.1 200 OK"
[INFO] HTTP Request: POST https://api.cerebras.ai/v1/chat/completions "HTTP/1.1 200 OK"
[INFO] HTTP Request: POST https://api.cerebras.ai/v1/chat/completions "HTTP/1.1 200 OK"
!!! File not exist: /Users/chirag/Documents/Agentic_MM/concurrent_mm/one_results/2-37_1/testbed/./data/answer.txt
  [11/15] 2-37/1 L2 success=False latency=20.2s calls=16 PM=1
[INFO] HTTP Request: POST https://api.cerebras.ai/v1/chat/completions "HTTP/1.1 200 OK"
[INFO] HTTP Request: POST https://api.cerebras.ai/v1/chat/completions "HTTP/1.1 200 OK"
[INFO] HTTP Request: POST https://api.cerebras.ai/v1/chat/completions "HTTP/1.1 200 OK"
[INFO] HTTP Request: POST https://api.cerebras.ai/v1/chat/completions "HTTP/1.1 200 OK"
[INFO] HTTP Request: POST https://api.cerebras.ai/v1/chat/completions "HTTP/1.1 200 OK"
  [12/15] 3-40/0 L3 success=False latency=21.4s calls=17 PM=1
[INFO] HTTP Request: POST https://api.cerebras.ai/v1/chat/completions "HTTP/1.1 200 OK"
[INFO] HTTP Request: POST https://api.cerebras.ai/v1/chat/completions "HTTP/1.1 200 OK"
[INFO] HTTP Request: POST https://api.cerebras.ai/v1/chat/completions "HTTP/1.1 200 OK"
[INFO] HTTP Request: POST https://api.cerebras.ai/v1/chat/completions "HTTP/1.1 200 OK"
[INFO] HTTP Request: POST https://api.cerebras.ai/v1/chat/completions "HTTP/1.1 401 Unauthorized"
[INFO] HTTP Request: POST https://api.cerebras.ai/v1/chat/completions "HTTP/1.1 401 Unauthorized"
[INFO] HTTP Request: POST https://api.cerebras.ai/v1/chat/completions "HTTP/1.1 401 Unauthorized"
[INFO] HTTP Request: POST https://api.cerebras.ai/v1/chat/completions "HTTP/1.1 200 OK"
  [13/15] 3-1/0 L3 success=False latency=24.1s calls=16 PM=1
[INFO] HTTP Request: POST https://api.cerebras.ai/v1/chat/completions "HTTP/1.1 200 OK"
[INFO] HTTP Request: POST https://api.cerebras.ai/v1/chat/completions "HTTP/1.1 200 OK"
  [14/15] 3-71/0 L3 success=False latency=25.4s calls=23 PM=1
[INFO] HTTP Request: POST https://api.cerebras.ai/v1/chat/completions "HTTP/1.1 200 OK"
[INFO] HTTP Request: POST https://api.cerebras.ai/v1/chat/completions "HTTP/1.1 200 OK"
[INFO] HTTP Request: POST https://api.cerebras.ai/v1/chat/completions "HTTP/1.1 200 OK"
!!! File not exist: /Users/chirag/Documents/Agentic_MM/concurrent_mm/one_results/1-20_4/testbed/data/answer.txt
  [15/15] 1-20/4 L1 success=False latency=27.3s calls=24 PM=1

============================================================
PER-TASK LATENCY (one container)
============================================================
      task  L  success  latency_s  calls
    1-15/0  1     True        6.0      3
    1-20/4  1    False       27.3     24
     1-5/0  1    False        6.7      4
     1-5/3  1    False        9.5      5
     1-7/4  1    False        8.1      3
    2-13/0  2    False       14.3      9
    2-26/0  2    False       15.5     11
    2-31/0  2    False       13.8     11
    2-37/1  2    False       20.2     16
    2-38/1  2    False        9.0      3
     3-1/0  3    False       24.1     16
    3-40/0  3    False       21.4     17
    3-43/0  3    False       14.0     12
    3-54/0  3    False        5.3      2
    3-71/0  3    False       25.4     23

accuracy: 1/15   TOTAL wall(all in ONE container): 33.0s   max task: 27.3s   avg: 14.7s
traces: /Users/chirag/Documents/Agentic_MM/concurrent_mm/one_traces   results: /Users/chirag/Documents/Agentic_MM/concurrent_mm/one_results
