/Users/chirag/Documents/Agentic_MM/.venv/lib/python3.9/site-packages/urllib3/__init__.py:35: NotOpenSSLWarning: urllib3 v2 only supports OpenSSL 1.1.1+, currently the 'ssl' module is compiled with 'LibreSSL 2.8.3'. See: https://github.com/urllib3/urllib3/issues/3020
  warnings.warn(
[INFO] -------------
Execution Container Reset
[INFO] -------------
Execution Container Reset
[INFO] -------------
Execution Container Reset
[INFO] -------------
Execution Container Reset
[INFO] -------------
Execution Container Reset
[INFO] -------------
Execution Container Reset
[INFO] -------------
Execution Container Reset
[INFO] -------------
Execution Container Reset
[INFO] -------------
Execution Container Reset
[INFO] -------------
Execution Container Reset
[INFO] -------------
Execution Container Reset
[INFO] -------------
Execution Container Reset
[INFO] -------------
Execution Container Reset
[INFO] -------------
Execution Container Reset
[INFO] HTTP Request: POST https://api.cerebras.ai/v1/chat/completions "HTTP/1.1 429 Too Many Requests"
[INFO] HTTP Request: POST https://api.cerebras.ai/v1/chat/completions "HTTP/1.1 401 Unauthorized"
[INFO] HTTP Request: POST https://api.cerebras.ai/v1/chat/completions "HTTP/1.1 429 Too Many Requests"
[INFO] HTTP Request: POST https://api.cerebras.ai/v1/chat/completions "HTTP/1.1 401 Unauthorized"
[INFO] HTTP Request: POST https://api.cerebras.ai/v1/chat/completions "HTTP/1.1 401 Unauthorized"
[INFO] HTTP Request: POST https://api.cerebras.ai/v1/chat/completions "HTTP/1.1 429 Too Many Requests"
[INFO] HTTP Request: POST https://api.cerebras.ai/v1/chat/completions "HTTP/1.1 429 Too Many Requests"
[INFO] HTTP Request: POST https://api.cerebras.ai/v1/chat/completions "HTTP/1.1 429 Too Many Requests"
[INFO] HTTP Request: POST https://api.cerebras.ai/v1/chat/completions "HTTP/1.1 429 Too Many Requests"
[INFO] HTTP Request: POST https://api.cerebras.ai/v1/chat/completions "HTTP/1.1 429 Too Many Requests"
[INFO] HTTP Request: POST https://api.cerebras.ai/v1/chat/completions "HTTP/1.1 429 Too Many Requests"
[INFO] HTTP Request: POST https://api.cerebras.ai/v1/chat/completions "HTTP/1.1 200 OK"
[INFO] HTTP Request: POST https://api.cerebras.ai/v1/chat/completions "HTTP/1.1 429 Too Many Requests"
[INFO] HTTP Request: POST https://api.cerebras.ai/v1/chat/completions "HTTP/1.1 200 OK"
[INFO] HTTP Request: POST https://api.cerebras.ai/v1/chat/completions "HTTP/1.1 429 Too Many Requests"
[INFO] HTTP Request: POST https://api.cerebras.ai/v1/chat/completions "HTTP/1.1 429 Too Many Requests"
[INFO] HTTP Request: POST https://api.cerebras.ai/v1/chat/completions "HTTP/1.1 429 Too Many Requests"
[INFO] HTTP Request: POST https://api.cerebras.ai/v1/chat/completions "HTTP/1.1 429 Too Many Requests"
[INFO] HTTP Request: POST https://api.cerebras.ai/v1/chat/completions "HTTP/1.1 429 Too Many Requests"
[INFO] HTTP Request: POST https://api.cerebras.ai/v1/chat/completions "HTTP/1.1 429 Too Many Requests"
[INFO] HTTP Request: POST https://api.cerebras.ai/v1/chat/completions "HTTP/1.1 429 Too Many Requests"
[INFO] HTTP Request: POST https://api.cerebras.ai/v1/chat/completions "HTTP/1.1 200 OK"
[INFO] HTTP Request: POST https://api.cerebras.ai/v1/chat/completions "HTTP/1.1 200 OK"
[INFO] HTTP Request: POST https://api.cerebras.ai/v1/chat/completions "HTTP/1.1 429 Too Many Requests"
[INFO] HTTP Request: POST https://api.cerebras.ai/v1/chat/completions "HTTP/1.1 200 OK"
[INFO] HTTP Request: POST https://api.cerebras.ai/v1/chat/completions "HTTP/1.1 429 Too Many Requests"
[INFO] HTTP Request: POST https://api.cerebras.ai/v1/chat/completions "HTTP/1.1 429 Too Many Requests"
[INFO] HTTP Request: POST https://api.cerebras.ai/v1/chat/completions "HTTP/1.1 429 Too Many Requests"
[INFO] HTTP Request: POST https://api.cerebras.ai/v1/chat/completions "HTTP/1.1 429 Too Many Requests"
[INFO] HTTP Request: POST https://api.cerebras.ai/v1/chat/completions "HTTP/1.1 429 Too Many Requests"
[INFO] HTTP Request: POST https://api.cerebras.ai/v1/chat/completions "HTTP/1.1 429 Too Many Requests"
[INFO] HTTP Request: POST https://api.cerebras.ai/v1/chat/completions "HTTP/1.1 200 OK"
[INFO] HTTP Request: POST https://api.cerebras.ai/v1/chat/completions "HTTP/1.1 200 OK"
[INFO] HTTP Request: POST https://api.cerebras.ai/v1/chat/completions "HTTP/1.1 200 OK"
[INFO] HTTP Request: POST https://api.cerebras.ai/v1/chat/completions "HTTP/1.1 429 Too Many Requests"
[INFO] HTTP Request: POST https://api.cerebras.ai/v1/chat/completions "HTTP/1.1 401 Unauthorized"
[INFO] HTTP Request: POST https://api.cerebras.ai/v1/chat/completions "HTTP/1.1 401 Unauthorized"
[INFO] HTTP Request: POST https://api.cerebras.ai/v1/chat/completions "HTTP/1.1 401 Unauthorized"
[INFO] HTTP Request: POST https://api.cerebras.ai/v1/chat/completions "HTTP/1.1 429 Too Many Requests"
[INFO] HTTP Request: POST https://api.cerebras.ai/v1/chat/completions "HTTP/1.1 429 Too Many Requests"
[INFO] HTTP Request: POST https://api.cerebras.ai/v1/chat/completions "HTTP/1.1 200 OK"
[INFO] HTTP Request: POST https://api.cerebras.ai/v1/chat/completions "HTTP/1.1 429 Too Many Requests"
[INFO] HTTP Request: POST https://api.cerebras.ai/v1/chat/completions "HTTP/1.1 200 OK"
[INFO] HTTP Request: POST https://api.cerebras.ai/v1/chat/completions "HTTP/1.1 200 OK"
[INFO] HTTP Request: POST https://api.cerebras.ai/v1/chat/completions "HTTP/1.1 200 OK"
[INFO] HTTP Request: POST https://api.cerebras.ai/v1/chat/completions "HTTP/1.1 200 OK"
[INFO] HTTP Request: POST https://api.cerebras.ai/v1/chat/completions "HTTP/1.1 200 OK"
[INFO] HTTP Request: POST https://api.cerebras.ai/v1/chat/completions "HTTP/1.1 200 OK"
[INFO] HTTP Request: POST https://api.cerebras.ai/v1/chat/completions "HTTP/1.1 200 OK"
[INFO] HTTP Request: POST https://api.cerebras.ai/v1/chat/completions "HTTP/1.1 200 OK"
[INFO] HTTP Request: POST https://api.cerebras.ai/v1/chat/completions "HTTP/1.1 200 OK"
[INFO] HTTP Request: POST https://api.cerebras.ai/v1/chat/completions "HTTP/1.1 200 OK"
[INFO] HTTP Request: POST https://api.cerebras.ai/v1/chat/completions "HTTP/1.1 200 OK"
[INFO] Beginning environment shutdown...
[INFO] HTTP Request: POST https://api.cerebras.ai/v1/chat/completions "HTTP/1.1 429 Too Many Requests"
[INFO] HTTP Request: POST https://api.cerebras.ai/v1/chat/completions "HTTP/1.1 200 OK"
[INFO] HTTP Request: POST https://api.cerebras.ai/v1/chat/completions "HTTP/1.1 200 OK"
[INFO] HTTP Request: POST https://api.cerebras.ai/v1/chat/completions "HTTP/1.1 429 Too Many Requests"
[INFO] HTTP Request: POST https://api.cerebras.ai/v1/chat/completions "HTTP/1.1 200 OK"
[INFO] HTTP Request: POST https://api.cerebras.ai/v1/chat/completions "HTTP/1.1 200 OK"
[INFO] HTTP Request: POST https://api.cerebras.ai/v1/chat/completions "HTTP/1.1 200 OK"
[INFO] HTTP Request: POST https://api.cerebras.ai/v1/chat/completions "HTTP/1.1 200 OK"
[INFO] HTTP Request: POST https://api.cerebras.ai/v1/chat/completions "HTTP/1.1 401 Unauthorized"
[INFO] HTTP Request: POST https://api.cerebras.ai/v1/chat/completions "HTTP/1.1 401 Unauthorized"
[INFO] HTTP Request: POST https://api.cerebras.ai/v1/chat/completions "HTTP/1.1 401 Unauthorized"
[INFO] HTTP Request: POST https://api.cerebras.ai/v1/chat/completions "HTTP/1.1 200 OK"
[INFO] HTTP Request: POST https://api.cerebras.ai/v1/chat/completions "HTTP/1.1 200 OK"
[INFO] HTTP Request: POST https://api.cerebras.ai/v1/chat/completions "HTTP/1.1 200 OK"
[INFO] HTTP Request: POST https://api.cerebras.ai/v1/chat/completions "HTTP/1.1 200 OK"
[INFO] HTTP Request: POST https://api.cerebras.ai/v1/chat/completions "HTTP/1.1 429 Too Many Requests"
[INFO] HTTP Request: POST https://api.cerebras.ai/v1/chat/completions "HTTP/1.1 200 OK"
[INFO] HTTP Request: POST https://api.cerebras.ai/v1/chat/completions "HTTP/1.1 200 OK"
[INFO] HTTP Request: POST https://api.cerebras.ai/v1/chat/completions "HTTP/1.1 200 OK"
[INFO] HTTP Request: POST https://api.cerebras.ai/v1/chat/completions "HTTP/1.1 200 OK"
[INFO] Beginning environment shutdown...
[INFO] HTTP Request: POST https://api.cerebras.ai/v1/chat/completions "HTTP/1.1 200 OK"
[INFO] HTTP Request: POST https://api.cerebras.ai/v1/chat/completions "HTTP/1.1 200 OK"
[INFO] HTTP Request: POST https://api.cerebras.ai/v1/chat/completions "HTTP/1.1 200 OK"
[INFO] Beginning environment shutdown...
[INFO] HTTP Request: POST https://api.cerebras.ai/v1/chat/completions "HTTP/1.1 200 OK"
[INFO] HTTP Request: POST https://api.cerebras.ai/v1/chat/completions "HTTP/1.1 200 OK"
[INFO] HTTP Request: POST https://api.cerebras.ai/v1/chat/completions "HTTP/1.1 200 OK"
[INFO] HTTP Request: POST https://api.cerebras.ai/v1/chat/completions "HTTP/1.1 200 OK"
[INFO] HTTP Request: POST https://api.cerebras.ai/v1/chat/completions "HTTP/1.1 200 OK"
[INFO] HTTP Request: POST https://api.cerebras.ai/v1/chat/completions "HTTP/1.1 200 OK"
[INFO] HTTP Request: POST https://api.cerebras.ai/v1/chat/completions "HTTP/1.1 200 OK"
[INFO] Beginning environment shutdown...
[INFO] HTTP Request: POST https://api.cerebras.ai/v1/chat/completions "HTTP/1.1 200 OK"
[INFO] HTTP Request: POST https://api.cerebras.ai/v1/chat/completions "HTTP/1.1 200 OK"
[INFO] HTTP Request: POST https://api.cerebras.ai/v1/chat/completions "HTTP/1.1 200 OK"
[INFO] HTTP Request: POST https://api.cerebras.ai/v1/chat/completions "HTTP/1.1 200 OK"
[INFO] HTTP Request: POST https://api.cerebras.ai/v1/chat/completions "HTTP/1.1 200 OK"
[INFO] HTTP Request: POST https://api.cerebras.ai/v1/chat/completions "HTTP/1.1 200 OK"
[INFO] HTTP Request: POST https://api.cerebras.ai/v1/chat/completions "HTTP/1.1 401 Unauthorized"
[INFO] Beginning environment shutdown...
[INFO] HTTP Request: POST https://api.cerebras.ai/v1/chat/completions "HTTP/1.1 200 OK"
[INFO] HTTP Request: POST https://api.cerebras.ai/v1/chat/completions "HTTP/1.1 401 Unauthorized"
[INFO] HTTP Request: POST https://api.cerebras.ai/v1/chat/completions "HTTP/1.1 200 OK"
[INFO] HTTP Request: POST https://api.cerebras.ai/v1/chat/completions "HTTP/1.1 401 Unauthorized"
[INFO] HTTP Request: POST https://api.cerebras.ai/v1/chat/completions "HTTP/1.1 200 OK"
[INFO] HTTP Request: POST https://api.cerebras.ai/v1/chat/completions "HTTP/1.1 200 OK"
[INFO] Beginning environment shutdown...
[INFO] HTTP Request: POST https://api.cerebras.ai/v1/chat/completions "HTTP/1.1 200 OK"
[INFO] HTTP Request: POST https://api.cerebras.ai/v1/chat/completions "HTTP/1.1 200 OK"
[INFO] HTTP Request: POST https://api.cerebras.ai/v1/chat/completions "HTTP/1.1 429 Too Many Requests"
[INFO] HTTP Request: POST https://api.cerebras.ai/v1/chat/completions "HTTP/1.1 200 OK"
[INFO] HTTP Request: POST https://api.cerebras.ai/v1/chat/completions "HTTP/1.1 200 OK"
[INFO] HTTP Request: POST https://api.cerebras.ai/v1/chat/completions "HTTP/1.1 200 OK"
[INFO] HTTP Request: POST https://api.cerebras.ai/v1/chat/completions "HTTP/1.1 200 OK"
[INFO] HTTP Request: POST https://api.cerebras.ai/v1/chat/completions "HTTP/1.1 200 OK"
[INFO] Beginning environment shutdown...
[INFO] HTTP Request: POST https://api.cerebras.ai/v1/chat/completions "HTTP/1.1 200 OK"
[INFO] HTTP Request: POST https://api.cerebras.ai/v1/chat/completions "HTTP/1.1 200 OK"
[INFO] Beginning environment shutdown...
[INFO] HTTP Request: POST https://api.cerebras.ai/v1/chat/completions "HTTP/1.1 200 OK"
[INFO] HTTP Request: POST https://api.cerebras.ai/v1/chat/completions "HTTP/1.1 200 OK"
[INFO] HTTP Request: POST https://api.cerebras.ai/v1/chat/completions "HTTP/1.1 200 OK"
[INFO] HTTP Request: POST https://api.cerebras.ai/v1/chat/completions "HTTP/1.1 200 OK"
[INFO] HTTP Request: POST https://api.cerebras.ai/v1/chat/completions "HTTP/1.1 200 OK"
[INFO] HTTP Request: POST https://api.cerebras.ai/v1/chat/completions "HTTP/1.1 200 OK"
[INFO] HTTP Request: POST https://api.cerebras.ai/v1/chat/completions "HTTP/1.1 200 OK"
[INFO] HTTP Request: POST https://api.cerebras.ai/v1/chat/completions "HTTP/1.1 200 OK"
[INFO] HTTP Request: POST https://api.cerebras.ai/v1/chat/completions "HTTP/1.1 200 OK"
[INFO] HTTP Request: POST https://api.cerebras.ai/v1/chat/completions "HTTP/1.1 200 OK"
[INFO] Beginning environment shutdown...
[INFO] HTTP Request: POST https://api.cerebras.ai/v1/chat/completions "HTTP/1.1 200 OK"
[INFO] HTTP Request: POST https://api.cerebras.ai/v1/chat/completions "HTTP/1.1 200 OK"
[INFO] Beginning environment shutdown...
[INFO] HTTP Request: POST https://api.cerebras.ai/v1/chat/completions "HTTP/1.1 200 OK"
[INFO] HTTP Request: POST https://api.cerebras.ai/v1/chat/completions "HTTP/1.1 200 OK"
[INFO] Beginning environment shutdown...
[INFO] HTTP Request: POST https://api.cerebras.ai/v1/chat/completions "HTTP/1.1 200 OK"
[INFO] HTTP Request: POST https://api.cerebras.ai/v1/chat/completions "HTTP/1.1 429 Too Many Requests"
[INFO] HTTP Request: POST https://api.cerebras.ai/v1/chat/completions "HTTP/1.1 401 Unauthorized"
[INFO] HTTP Request: POST https://api.cerebras.ai/v1/chat/completions "HTTP/1.1 401 Unauthorized"
[INFO] HTTP Request: POST https://api.cerebras.ai/v1/chat/completions "HTTP/1.1 401 Unauthorized"
[INFO] HTTP Request: POST https://api.cerebras.ai/v1/chat/completions "HTTP/1.1 200 OK"
[INFO] Agent, evaluation containers stopped

REAL OfficeBench through concurrent_mm — 15 tasks, concurrency 15

COMMAND: /bin/bash -c """ git reset --hard; git clean -fd; """
COMMAND: /bin/bash -c """ git reset --hard; git clean -fd; """
COMMAND: /bin/bash -c """ git reset --hard; git clean -fd; """
COMMAND: /bin/bash -c """ git reset --hard; git clean -fd; """
COMMAND: /bin/bash -c """ git reset --hard; git clean -fd; """
COMMAND: /bin/bash -c """ git reset --hard; git clean -fd; """
COMMAND: /bin/bash -c """ git reset --hard; git clean -fd; """
COMMAND: /bin/bash -c """ git reset --hard; git clean -fd; """
COMMAND: /bin/bash -c """ git reset --hard; git clean -fd; """
COMMAND: /bin/bash -c """ git reset --hard; git clean -fd; """
COMMAND: /bin/bash -c """ git reset --hard; git clean -fd; """
COMMAND: /bin/bash -c """ git reset --hard; git clean -fd; """
COMMAND: /bin/bash -c """ git reset --hard; git clean -fd; """
COMMAND: /bin/bash -c """ git reset --hard; git clean -fd; """
COMMAND: /bin/bash -c """ python3 /apps/excel_app/excel_read_file.py --file_path /testbed/data/score.xlsx """
COMMAND: /bin/bash -c """ python3 /apps/excel_app/excel_read_file.py --file_path /testbed/data/company_budget.xlsx """
COMMAND: /bin/bash -c """ python3 /apps/excel_app/excel_read_file.py --file_path /testbed/data/task.xlsx """
COMMAND: /bin/bash -c """ python3 /apps/excel_app/excel_set_cell.py --file_path /testbed/data/score.xlsx --text '''98''' --row_idx 4 --column_idx 2 """
COMMAND: /bin/bash -c """ python3 /apps/excel_app/excel_read_file.py --file_path /testbed/data/company_budget.xlsx """
COMMAND: /bin/bash -c """ ls /testbed/data/*.pdf """
COMMAND: /bin/bash -c """ python3 /apps/excel_app/excel_read_file.py --file_path /testbed/data/task.xlsx """
COMMAND: /bin/bash -c """ python3 /apps/pdf_app/pdf_read_file.py --pdf_file_path /testbed/data/invitation_letter.pdf """
COMMAND: /bin/bash -c """ python3 /apps/excel_app/excel_read_file.py --file_path /testbed/data/company_budget.xlsx """
COMMAND: /bin/bash -c """ python3 /apps/excel_app/excel_read_file.py --file_path /testbed/data/company_budget.xlsx """
COMMAND: /bin/bash -c """ python3 /apps/word_app/word_read_file.py --file_path /testbed/data/notification.docx """
COMMAND: /bin/bash -c """ python3 /apps/excel_app/excel_read_file.py --file_path /testbed/data/score.xlsx """
COMMAND: /bin/bash -c """ python3 /apps/word_app/word_read_file.py --file_path /testbed/data/invitation_letter.pdf """
COMMAND: /bin/bash -c """ python3 /apps/excel_app/excel_read_file.py --file_path /testbed/data/team_training_schedule.xlsx """
COMMAND: /bin/bash -c """ python3 /apps/email_app/email_send_email.py --sender Me --recipient '''Bob''' --subject '''Party Invitation''' --content '''Please see the attached party details.''' """
COMMAND: /bin/bash -c """ python3 /apps/word_app/word_write_to_file.py --file_path /testbed/data/House_creak.docx --contents '''This is a test sentence for task 1-15-0.''' """
COMMAND: /bin/bash -c """ python3 /apps/excel_app/excel_read_file.py --file_path /testbed/data/task.xlsx """
COMMAND: /bin/bash -c """ python3 /apps/pdf_app/pdf_read_file.py --pdf_file_path /testbed/data/market_analysis.pdf """
COMMAND: /bin/bash -c """ python3 /apps/excel_app/excel_read_file.py --file_path /testbed/data/car_trading.png """
COMMAND: /bin/bash -c """ python3 /apps/calendar_app/calendar_create_event.py --user '''<name>''' --summary 'Training Session' --time_start '2023-09-01 09:00:00' --time_end '2023-09-01 11:00:00' """
COMMAND: /bin/bash -c """ awk -F, '$2=="March"{print $3}' /testbed/data/ocr_output.csv | sort -n | tail -n 1 """
COMMAND: /bin/bash -c """ python3 /apps/excel_app/excel_read_file.py --file_path /testbed/data/task.xlsx """
!!! File not exist: /Users/chirag/Documents/Agentic_MM/concurrent_mm/real_results/2-31_0/testbed/data/answer.txt
COMMAND: /bin/bash -c """ python3 /apps/word_app/word_write_to_file.py --file_path /testbed/data/market_analysis.docx --contents '''[Extracted text from market_analysis.pdf]''' """
COMMAND: /bin/bash -c """ python3 /apps/excel_app/excel_read_file.py --file_path /testbed/data/car_records.xlsx """
COMMAND: /bin/bash -c """ awk -F, '{a[$1]+=$2} END {for (i in a) print i, a[i]}' /testbed/data/exported_events.csv """
COMMAND: /bin/bash -c """ python3 /apps/calendar_app/calendar_create_event.py --user '''meeting_agenda.ics''' --summary 'Meeting Agenda' --time_start '2023-09-01 10:00:00' --time_end '2023-09-01 11:00:00' """
COMMAND: /bin/bash -c """ python3 /apps/excel_app/excel_read_file.py --file_path /testbed/data/task.xlsx """
COMMAND: /bin/bash -c """ python3 /apps/calendar_app/calendar_create_event.py --user '''buyer''' --summary 'Meeting between buyer and seller' --time_start '2024-06-01 13:00:00' --time_end '2024-06-01 14:00:00' """
COMMAND: /bin/bash -c """ ls -R /testbed/data """
!!! File not exist: /Users/chirag/Documents/Agentic_MM/concurrent_mm/real_results/2-37_1/testbed/./data/answer.txt
COMMAND: /bin/bash -c """ python3 /apps/word_app/word_read_file.py --file_path /testbed/data/market_analysis.pdf """
!!! File not exist: /Users/chirag/Documents/Agentic_MM/concurrent_mm/real_results/2-26_0/testbed/data/market_analysis.docx
COMMAND: /bin/bash -c """ python3 /apps/excel_app/excel_read_file.py --file_path /testbed/data/task.xlsx """
  [1/15] 1-5/0 L1  success=False  latency=5.3s  calls=5  steps=2  PM_size=1
[INFO] HTTP Request: POST https://api.cerebras.ai/v1/chat/completions "HTTP/1.1 429 Too Many Requests"
[INFO] HTTP Request: POST https://api.cerebras.ai/v1/chat/completions "HTTP/1.1 200 OK"
[INFO] HTTP Request: POST https://api.cerebras.ai/v1/chat/completions "HTTP/1.1 200 OK"
[INFO] HTTP Request: POST https://api.cerebras.ai/v1/chat/completions "HTTP/1.1 429 Too Many Requests"
[INFO] HTTP Request: POST https://api.cerebras.ai/v1/chat/completions "HTTP/1.1 200 OK"
[INFO] Agent, evaluation containers stopped
  [2/15] 1-7/4 L1  success=False  latency=7.0s  calls=6  steps=2  PM_size=1
[INFO] HTTP Request: POST https://api.cerebras.ai/v1/chat/completions "HTTP/1.1 200 OK"
[INFO] Agent, evaluation containers stopped
  [3/15] 1-5/3 L1  success=False  latency=7.3s  calls=8  steps=2  PM_size=1
[INFO] HTTP Request: POST https://api.cerebras.ai/v1/chat/completions "HTTP/1.1 200 OK"
[INFO] HTTP Request: POST https://api.cerebras.ai/v1/chat/completions "HTTP/1.1 200 OK"
[INFO] Agent, evaluation containers stopped
  [4/15] 3-54/0 L3  success=False  latency=7.7s  calls=3  steps=1  PM_size=1
[INFO] HTTP Request: POST https://api.cerebras.ai/v1/chat/completions "HTTP/1.1 429 Too Many Requests"
[INFO] HTTP Request: POST https://api.cerebras.ai/v1/chat/completions "HTTP/1.1 200 OK"
[INFO] -------------
Execution Container Reset
[INFO] Agent, evaluation containers stopped
COMMAND: /bin/bash -c """ git reset --hard; git clean -fd; """
  [5/15] 2-38/1 L2  success=False  latency=8.5s  calls=6  steps=2  PM_size=1
[INFO] HTTP Request: POST https://api.cerebras.ai/v1/chat/completions "HTTP/1.1 200 OK"
[INFO] Beginning environment shutdown...
[INFO] Agent, evaluation containers stopped
COMMAND: /bin/bash -c """ python3 /apps/email_app/email_send_email.py --sender User --recipient '''Alice''' --subject '''Meeting notes''' --content '''Please find the updated calendar file attached.''' """
  [6/15] 1-15/0 L1  success=True  latency=8.9s  calls=9  steps=1  PM_size=1
[INFO] HTTP Request: POST https://api.cerebras.ai/v1/chat/completions "HTTP/1.1 200 OK"
[INFO] HTTP Request: POST https://api.cerebras.ai/v1/chat/completions "HTTP/1.1 200 OK"
[INFO] Agent, evaluation containers stopped
  [7/15] 2-13/0 L2  success=False  latency=9.9s  calls=6  steps=2  PM_size=1
[INFO] Agent, evaluation containers stopped
  [8/15] 2-31/0 L2  success=False  latency=10.1s  calls=10  steps=7  PM_size=1
[INFO] HTTP Request: POST https://api.cerebras.ai/v1/chat/completions "HTTP/1.1 200 OK"
[INFO] HTTP Request: POST https://api.cerebras.ai/v1/chat/completions "HTTP/1.1 200 OK"
[INFO] Beginning environment shutdown...
[INFO] HTTP Request: POST https://api.cerebras.ai/v1/chat/completions "HTTP/1.1 200 OK"
[INFO] HTTP Request: POST https://api.cerebras.ai/v1/chat/completions "HTTP/1.1 200 OK"
[INFO] HTTP Request: POST https://api.cerebras.ai/v1/chat/completions "HTTP/1.1 200 OK"
[INFO] HTTP Request: POST https://api.cerebras.ai/v1/chat/completions "HTTP/1.1 200 OK"
[INFO] Beginning environment shutdown...
[INFO] Agent, evaluation containers stopped
COMMAND: /bin/bash -c """ python3 /apps/email_app/email_send_email.py --sender User --recipient '''Alice''' --subject '''Task for Review''' --content '''Hi Alice,

Please find the attached task.pdf for your review.

Best regards,
User''' """
  [9/15] 3-40/0 L3  success=False  latency=12.8s  calls=14  steps=9  PM_size=1
[INFO] Agent, evaluation containers stopped
  [10/15] 2-37/1 L2  success=False  latency=13.0s  calls=13  steps=9  PM_size=1
[INFO] Agent, evaluation containers stopped
  [11/15] 2-26/0 L2  success=False  latency=13.3s  calls=11  steps=6  PM_size=1
[INFO] HTTP Request: POST https://api.cerebras.ai/v1/chat/completions "HTTP/1.1 200 OK"
[INFO] HTTP Request: POST https://api.cerebras.ai/v1/chat/completions "HTTP/1.1 200 OK"
[INFO] HTTP Request: POST https://api.cerebras.ai/v1/chat/completions "HTTP/1.1 200 OK"
[INFO] Agent, evaluation containers stopped
  [12/15] 3-43/0 L3  success=False  latency=18.9s  calls=14  steps=7  PM_size=1
[INFO] Agent, evaluation containers stopped
  [13/15] 3-71/0 L3  success=False  latency=20.8s  calls=20  steps=13  PM_size=1
[INFO] HTTP Request: POST https://api.cerebras.ai/v1/chat/completions "HTTP/1.1 200 OK"
[INFO] Agent, evaluation containers stopped
  [14/15] 3-1/0 L3  success=False  latency=22.8s  calls=18  steps=13  PM_size=1
[INFO] HTTP Request: POST https://api.cerebras.ai/v1/chat/completions "HTTP/1.1 429 Too Many Requests"
[INFO] HTTP Request: POST https://api.cerebras.ai/v1/chat/completions "HTTP/1.1 429 Too Many Requests"
[INFO] HTTP Request: POST https://api.cerebras.ai/v1/chat/completions "HTTP/1.1 401 Unauthorized"
[INFO] HTTP Request: POST https://api.cerebras.ai/v1/chat/completions "HTTP/1.1 401 Unauthorized"
[INFO] HTTP Request: POST https://api.cerebras.ai/v1/chat/completions "HTTP/1.1 401 Unauthorized"
[INFO] HTTP Request: POST https://api.cerebras.ai/v1/chat/completions "HTTP/1.1 200 OK"
[INFO] HTTP Request: POST https://api.cerebras.ai/v1/chat/completions "HTTP/1.1 200 OK"
[INFO] HTTP Request: POST https://api.cerebras.ai/v1/chat/completions "HTTP/1.1 429 Too Many Requests"
[INFO] HTTP Request: POST https://api.cerebras.ai/v1/chat/completions "HTTP/1.1 200 OK"
[INFO] HTTP Request: POST https://api.cerebras.ai/v1/chat/completions "HTTP/1.1 200 OK"
[INFO] HTTP Request: POST https://api.cerebras.ai/v1/chat/completions "HTTP/1.1 429 Too Many Requests"
[INFO] HTTP Request: POST https://api.cerebras.ai/v1/chat/completions "HTTP/1.1 429 Too Many Requests"
[INFO] HTTP Request: POST https://api.cerebras.ai/v1/chat/completions "HTTP/1.1 200 OK"
[INFO] HTTP Request: POST https://api.cerebras.ai/v1/chat/completions "HTTP/1.1 200 OK"
[INFO] HTTP Request: POST https://api.cerebras.ai/v1/chat/completions "HTTP/1.1 429 Too Many Requests"
[INFO] HTTP Request: POST https://api.cerebras.ai/v1/chat/completions "HTTP/1.1 429 Too Many Requests"
[INFO] HTTP Request: POST https://api.cerebras.ai/v1/chat/completions "HTTP/1.1 200 OK"
[INFO] HTTP Request: POST https://api.cerebras.ai/v1/chat/completions "HTTP/1.1 200 OK"
[INFO] HTTP Request: POST https://api.cerebras.ai/v1/chat/completions "HTTP/1.1 200 OK"
[INFO] HTTP Request: POST https://api.cerebras.ai/v1/chat/completions "HTTP/1.1 200 OK"
[INFO] HTTP Request: POST https://api.cerebras.ai/v1/chat/completions "HTTP/1.1 200 OK"
[INFO] HTTP Request: POST https://api.cerebras.ai/v1/chat/completions "HTTP/1.1 200 OK"
[INFO] HTTP Request: POST https://api.cerebras.ai/v1/chat/completions "HTTP/1.1 200 OK"
[INFO] Beginning environment shutdown...
[INFO] Agent, evaluation containers stopped
!!! File not exist: /Users/chirag/Documents/Agentic_MM/concurrent_mm/real_results/1-20_4/testbed/data/answer.txt
  [15/15] 1-20/4 L1  success=False  latency=53.6s  calls=29  steps=18  PM_size=1

================================================================
PER-TASK LATENCY
================================================================
      task  L  success  latency_s  calls  steps
    1-15/0  1     True        8.9      9      1
    1-20/4  1    False       53.6     29     18
     1-5/0  1    False        5.3      5      2
     1-5/3  1    False        7.3      8      2
     1-7/4  1    False        7.0      6      2
    2-13/0  2    False        9.9      6      2
    2-26/0  2    False       13.3     11      6
    2-31/0  2    False       10.1     10      7
    2-37/1  2    False       13.0     13      9
    2-38/1  2    False        8.5      6      2
     3-1/0  3    False       22.8     18     13
    3-40/0  3    False       12.8     14      9
    3-43/0  3    False       18.9     14      7
    3-54/0  3    False        7.7      3      1
    3-71/0  3    False       20.8     20     13

accuracy: 1/15   wall(parallel): 86.6s   sum per-task latency: 219.9s   avg: 14.7s   min/max: 5.3/53.6s
traces: /Users/chirag/Documents/Agentic_MM/concurrent_mm/real_traces
